Models available in prisma: [
  'constructor',
  'categoryConfig',
  'searchLog',
  'user',
  'book',
  'pack',
  'packBook',
  'order',
  'orderItem',
  'coupon',
  'review'
]
prisma:query SELECT COUNT(*) AS `_count$_all` FROM (SELECT `riwaya_db`.`reviews`.`id` FROM `riwaya_db`.`reviews` WHERE 1=1) AS `sub`
Review count: 0
